
> vite_react_shadcn_ts@0.0.0 build
> vite build

[31mfailed to load config from C:\Users\USER_PC\Downloads\capitalis-launchpad-main\capitalis-launchpad-main\vite.config.ts[39m
[31merror during build:
Error [ERR_MODULE_NOT_FOUND]: Cannot find package 'lovable-tagger' imported from C:\Users\USER_PC\Downloads\capitalis-launchpad-main\capitalis-launchpad-main\vite.config.ts.timestamp-1770249229752-210a24211e008.mjs
    at packageResolve (node:internal/modules/esm/resolve:857:9)
    at moduleResolve (node:internal/modules/esm/resolve:926:18)
    at defaultResolve (node:internal/modules/esm/resolve:1056:11)
    at ModuleLoader.defaultResolve (node:internal/modules/esm/loader:654:12)
    at #cachedDefaultResolve (node:internal/modules/esm/loader:603:25)
    at ModuleLoader.resolve (node:internal/modules/esm/loader:586:38)
    at ModuleLoader.getModuleJobForImport (node:internal/modules/esm/loader:242:38)
    at ModuleJob._link (node:internal/modules/esm/module_job:135:49)[39m
